---
http_interactions:
- request:
    method: get
    uri: https://glacial-fjord-58347.herokuapp.com/api/v1/frost?zip_code=80123
    body:
      encoding: US-ASCII
      string: ''
    headers:
      User-Agent:
      - Faraday v2.5.2
      Accept-Encoding:
      - gzip;q=1.0,deflate;q=0.6,identity;q=0.3
      Accept:
      - "*/*"
  response:
    status:
      code: 200
      message: OK
    headers:
      Server:
      - Cowboy
      Date:
      - Sun, 05 Feb 2023 06:46:18 GMT
      Connection:
      - keep-alive
      Content-Type:
      - application/json; charset=utf-8
      Etag:
      - W/"55455d1ded21fc81c4627a1b33b7039a"
      Cache-Control:
      - max-age=0, private, must-revalidate
      X-Request-Id:
      - acbbd59a-0f39-44ec-be84-d73dceb17fc9
      X-Runtime:
      - '0.516405'
      Transfer-Encoding:
      - chunked
      Via:
      - 1.1 vegur
    body:
      encoding: UTF-8
      string: '{"data":{"id":null,"type":"frost_date","attributes":{"id":null,"zip_code":"80123","location_name":"Lakewood","lat":39.6206,"lon":-105.0901,"spring_frost":"0512","fall_frost":"0928"}}}'
  recorded_at: Sun, 05 Feb 2023 06:46:19 GMT
- request:
    method: get
    uri: https://glacial-fjord-58347.herokuapp.com/api/v1/frost?zip_code=80124
    body:
      encoding: US-ASCII
      string: ''
    headers:
      User-Agent:
      - Faraday v2.5.2
      Accept-Encoding:
      - gzip;q=1.0,deflate;q=0.6,identity;q=0.3
      Accept:
      - "*/*"
  response:
    status:
      code: 200
      message: OK
    headers:
      Server:
      - Cowboy
      Date:
      - Sun, 05 Feb 2023 06:46:19 GMT
      Connection:
      - keep-alive
      Content-Type:
      - application/json; charset=utf-8
      Etag:
      - W/"4bc7c8e7e777bbfdc04254b976059e3e"
      Cache-Control:
      - max-age=0, private, must-revalidate
      X-Request-Id:
      - 3dda3c75-4a50-41ed-a94d-4176c1927a29
      X-Runtime:
      - '0.544579'
      Transfer-Encoding:
      - chunked
      Via:
      - 1.1 vegur
    body:
      encoding: UTF-8
      string: '{"data":{"id":null,"type":"frost_date","attributes":{"id":null,"zip_code":"80124","location_name":"Lone
        Tree","lat":39.5517,"lon":-104.8863,"spring_frost":"0520","fall_frost":"0924"}}}'
  recorded_at: Sun, 05 Feb 2023 06:46:19 GMT
- request:
    method: get
    uri: https://glacial-fjord-58347.herokuapp.com/api/v1/frost?zip_code=80125
    body:
      encoding: US-ASCII
      string: ''
    headers:
      User-Agent:
      - Faraday v2.5.2
      Accept-Encoding:
      - gzip;q=1.0,deflate;q=0.6,identity;q=0.3
      Accept:
      - "*/*"
  response:
    status:
      code: 200
      message: OK
    headers:
      Server:
      - Cowboy
      Date:
      - Sun, 05 Feb 2023 06:46:20 GMT
      Connection:
      - keep-alive
      Content-Type:
      - application/json; charset=utf-8
      Etag:
      - W/"10b6fd41b86ba1c6fd05f1c53e980285"
      Cache-Control:
      - max-age=0, private, must-revalidate
      X-Request-Id:
      - f56ac565-b720-43f1-9262-cb13c13952ab
      X-Runtime:
      - '0.496847'
      Transfer-Encoding:
      - chunked
      Via:
      - 1.1 vegur
    body:
      encoding: UTF-8
      string: '{"data":{"id":null,"type":"frost_date","attributes":{"id":null,"zip_code":"80125","location_name":"Douglas
        County","lat":39.4845,"lon":-105.0561,"spring_frost":"0516","fall_frost":"0926"}}}'
  recorded_at: Sun, 05 Feb 2023 06:46:20 GMT
recorded_with: VCR 6.1.0
